../Core/Src/main.c:81:1:__io_putchar	16	static
../Core/Src/main.c:367:5:COG_send_index_data	32	static
../Core/Src/main.c:251:5:COG_on	8	static
../Core/Src/main.c:278:5:COG_init	16	static
../Core/Src/main.c:313:5:COG_update	16	static
../Core/Src/main.c:352:5:COG_off	8	static
../Core/Src/main.c:208:5:EI_update_image	16	static
../Core/Src/main.c:465:6:SystemClock_Config	104	static,ignoring_inline_asm
../Core/Src/main.c:417:5:main	56	static,ignoring_inline_asm
../Core/Src/main.c:655:6:Error_Handler	0	static,ignoring_inline_asm
