../Core/Src/main.c:41:1:__io_putchar	16	static
../Core/Src/main.c:162:5:EI_update_image	32	static
../Core/Src/main.c:210:5:COG_on	8	static
../Core/Src/main.c:237:5:COG_init	16	static
../Core/Src/main.c:271:5:COG_update	24	static
../Core/Src/main.c:310:5:COG_off	8	static
../Core/Src/main.c:325:5:COG_send_index_data	40	static
../Core/Src/main.c:373:5:main	40	static
../Core/Src/main.c:439:6:SystemClock_Config	112	static
../Core/Src/main.c:488:13:MX_SPI1_Init	8	static
../Core/Src/main.c:526:13:MX_USART2_UART_Init	8	static
../Core/Src/main.c:561:13:MX_GPIO_Init	56	static
../Core/Src/main.c:629:6:Error_Handler	8	static,ignoring_inline_asm
