../Drivers/STM32L0xx_HAL_Driver/Src/stm32l0xx_hal_uart.c:3543:13:UART_EndRxTransfer	12	static,ignoring_inline_asm
../Drivers/STM32L0xx_HAL_Driver/Src/stm32l0xx_hal_uart.c:3946:13:UART_TxISR_8BIT.part.0	12	static,ignoring_inline_asm
../Drivers/STM32L0xx_HAL_Driver/Src/stm32l0xx_hal_uart.c:3946:13:UART_TxISR_8BIT	8	static
../Drivers/STM32L0xx_HAL_Driver/Src/stm32l0xx_hal_uart.c:3975:13:UART_TxISR_16BIT	8	static
../Drivers/STM32L0xx_HAL_Driver/Src/stm32l0xx_hal_uart.c:655:13:HAL_UART_MspInit	0	static
../Drivers/STM32L0xx_HAL_Driver/Src/stm32l0xx_hal_uart.c:670:13:HAL_UART_MspDeInit	0	static
../Drivers/STM32L0xx_HAL_Driver/Src/stm32l0xx_hal_uart.c:608:19:HAL_UART_DeInit	16	static
../Drivers/STM32L0xx_HAL_Driver/Src/stm32l0xx_hal_uart.c:1288:19:HAL_UART_Transmit_IT	8	static,ignoring_inline_asm
../Drivers/STM32L0xx_HAL_Driver/Src/stm32l0xx_hal_uart.c:1410:19:HAL_UART_Transmit_DMA	24	static,ignoring_inline_asm
../Drivers/STM32L0xx_HAL_Driver/Src/stm32l0xx_hal_uart.c:1543:19:HAL_UART_DMAPause	16	static,ignoring_inline_asm
../Drivers/STM32L0xx_HAL_Driver/Src/stm32l0xx_hal_uart.c:1573:19:HAL_UART_DMAResume	8	static,ignoring_inline_asm
../Drivers/STM32L0xx_HAL_Driver/Src/stm32l0xx_hal_uart.c:1604:19:HAL_UART_DMAStop	16	static,ignoring_inline_asm
../Drivers/STM32L0xx_HAL_Driver/Src/stm32l0xx_hal_uart.c:1679:19:HAL_UART_Abort	16	static,ignoring_inline_asm
../Drivers/STM32L0xx_HAL_Driver/Src/stm32l0xx_hal_uart.c:1776:19:HAL_UART_AbortTransmit	16	static,ignoring_inline_asm
../Drivers/STM32L0xx_HAL_Driver/Src/stm32l0xx_hal_uart.c:1829:19:HAL_UART_AbortReceive	16	static,ignoring_inline_asm
../Drivers/STM32L0xx_HAL_Driver/Src/stm32l0xx_hal_uart.c:2524:13:HAL_UART_TxCpltCallback	0	static
../Drivers/STM32L0xx_HAL_Driver/Src/stm32l0xx_hal_uart.c:3569:13:UART_DMATransmitCplt	16	static,ignoring_inline_asm
../Drivers/STM32L0xx_HAL_Driver/Src/stm32l0xx_hal_uart.c:2539:13:HAL_UART_TxHalfCpltCallback	0	static
../Drivers/STM32L0xx_HAL_Driver/Src/stm32l0xx_hal_uart.c:3603:13:UART_DMATxHalfCplt	8	static
../Drivers/STM32L0xx_HAL_Driver/Src/stm32l0xx_hal_uart.c:2554:13:HAL_UART_RxCpltCallback	0	static
../Drivers/STM32L0xx_HAL_Driver/Src/stm32l0xx_hal_uart.c:2569:13:HAL_UART_RxHalfCpltCallback	0	static
../Drivers/STM32L0xx_HAL_Driver/Src/stm32l0xx_hal_uart.c:2584:13:HAL_UART_ErrorCallback	0	static
../Drivers/STM32L0xx_HAL_Driver/Src/stm32l0xx_hal_uart.c:3720:13:UART_DMAError	16	static,ignoring_inline_asm
../Drivers/STM32L0xx_HAL_Driver/Src/stm32l0xx_hal_uart.c:3760:13:UART_DMAAbortOnError	8	static
../Drivers/STM32L0xx_HAL_Driver/Src/stm32l0xx_hal_uart.c:2599:13:HAL_UART_AbortCpltCallback	0	static
../Drivers/STM32L0xx_HAL_Driver/Src/stm32l0xx_hal_uart.c:1897:19:HAL_UART_Abort_IT	16	static,ignoring_inline_asm
../Drivers/STM32L0xx_HAL_Driver/Src/stm32l0xx_hal_uart.c:3833:13:UART_DMARxAbortCallback	8	static
../Drivers/STM32L0xx_HAL_Driver/Src/stm32l0xx_hal_uart.c:3783:13:UART_DMATxAbortCallback	8	static
../Drivers/STM32L0xx_HAL_Driver/Src/stm32l0xx_hal_uart.c:2614:13:HAL_UART_AbortTransmitCpltCallback	0	static
../Drivers/STM32L0xx_HAL_Driver/Src/stm32l0xx_hal_uart.c:2044:19:HAL_UART_AbortTransmit_IT	16	static,ignoring_inline_asm
../Drivers/STM32L0xx_HAL_Driver/Src/stm32l0xx_hal_uart.c:3885:13:UART_DMATxOnlyAbortCallback	8	static
../Drivers/STM32L0xx_HAL_Driver/Src/stm32l0xx_hal_uart.c:2629:13:HAL_UART_AbortReceiveCpltCallback	0	static
../Drivers/STM32L0xx_HAL_Driver/Src/stm32l0xx_hal_uart.c:2129:19:HAL_UART_AbortReceive_IT	16	static,ignoring_inline_asm
../Drivers/STM32L0xx_HAL_Driver/Src/stm32l0xx_hal_uart.c:3913:13:UART_DMARxOnlyAbortCallback	16	static
../Drivers/STM32L0xx_HAL_Driver/Src/stm32l0xx_hal_uart.c:2646:13:HAL_UARTEx_RxEventCallback	0	static
../Drivers/STM32L0xx_HAL_Driver/Src/stm32l0xx_hal_uart.c:2222:6:HAL_UART_IRQHandler	32	static,ignoring_inline_asm
../Drivers/STM32L0xx_HAL_Driver/Src/stm32l0xx_hal_uart.c:4032:13:UART_RxISR_8BIT	24	static,ignoring_inline_asm
../Drivers/STM32L0xx_HAL_Driver/Src/stm32l0xx_hal_uart.c:4123:13:UART_RxISR_16BIT	24	static,ignoring_inline_asm
../Drivers/STM32L0xx_HAL_Driver/Src/stm32l0xx_hal_uart.c:3682:13:UART_DMARxHalfCplt	8	static
../Drivers/STM32L0xx_HAL_Driver/Src/stm32l0xx_hal_uart.c:3621:13:UART_DMAReceiveCplt	16	static,ignoring_inline_asm
../Drivers/STM32L0xx_HAL_Driver/Src/stm32l0xx_hal_uart.c:2694:6:HAL_UART_ReceiverTimeout_Config	8	static
../Drivers/STM32L0xx_HAL_Driver/Src/stm32l0xx_hal_uart.c:2709:19:HAL_UART_EnableReceiverTimeout	12	static
../Drivers/STM32L0xx_HAL_Driver/Src/stm32l0xx_hal_uart.c:2747:19:HAL_UART_DisableReceiverTimeout	12	static
../Drivers/STM32L0xx_HAL_Driver/Src/stm32l0xx_hal_uart.c:2825:6:HAL_MultiProcessor_EnterMuteMode	0	static
../Drivers/STM32L0xx_HAL_Driver/Src/stm32l0xx_hal_uart.c:2835:19:HAL_HalfDuplex_EnableTransmitter	16	static,ignoring_inline_asm
../Drivers/STM32L0xx_HAL_Driver/Src/stm32l0xx_hal_uart.c:2858:19:HAL_HalfDuplex_EnableReceiver	16	static,ignoring_inline_asm
../Drivers/STM32L0xx_HAL_Driver/Src/stm32l0xx_hal_uart.c:2882:19:HAL_LIN_SendBreak	8	static
../Drivers/STM32L0xx_HAL_Driver/Src/stm32l0xx_hal_uart.c:2927:23:HAL_UART_GetState	0	static
../Drivers/STM32L0xx_HAL_Driver/Src/stm32l0xx_hal_uart.c:2943:10:HAL_UART_GetError	0	static
../Drivers/STM32L0xx_HAL_Driver/Src/stm32l0xx_hal_uart.c:2987:19:UART_SetConfig	24	static
../Drivers/STM32L0xx_HAL_Driver/Src/stm32l0xx_hal_uart.c:3211:6:UART_AdvFeatureConfig	12	static
../Drivers/STM32L0xx_HAL_Driver/Src/stm32l0xx_hal_uart.c:3354:19:UART_WaitOnFlagUntilTimeout	32	static
../Drivers/STM32L0xx_HAL_Driver/Src/stm32l0xx_hal_uart.c:1086:19:HAL_UART_Transmit	40	static
../Drivers/STM32L0xx_HAL_Driver/Src/stm32l0xx_hal_uart.c:1188:19:HAL_UART_Receive	48	static
../Drivers/STM32L0xx_HAL_Driver/Src/stm32l0xx_hal_uart.c:3285:19:UART_CheckIdleState	32	static,ignoring_inline_asm
../Drivers/STM32L0xx_HAL_Driver/Src/stm32l0xx_hal_uart.c:291:19:HAL_UART_Init	8	static
../Drivers/STM32L0xx_HAL_Driver/Src/stm32l0xx_hal_uart.c:364:19:HAL_HalfDuplex_Init	8	static
../Drivers/STM32L0xx_HAL_Driver/Src/stm32l0xx_hal_uart.c:437:19:HAL_LIN_Init	16	static
../Drivers/STM32L0xx_HAL_Driver/Src/stm32l0xx_hal_uart.c:534:19:HAL_MultiProcessor_Init	16	static
../Drivers/STM32L0xx_HAL_Driver/Src/stm32l0xx_hal_uart.c:2785:19:HAL_MultiProcessor_EnableMuteMode	8	static,ignoring_inline_asm
../Drivers/STM32L0xx_HAL_Driver/Src/stm32l0xx_hal_uart.c:2805:19:HAL_MultiProcessor_DisableMuteMode	8	static,ignoring_inline_asm
../Drivers/STM32L0xx_HAL_Driver/Src/stm32l0xx_hal_uart.c:3422:19:UART_Start_Receive_IT	8	static,ignoring_inline_asm
../Drivers/STM32L0xx_HAL_Driver/Src/stm32l0xx_hal_uart.c:1353:19:HAL_UART_Receive_IT	16	static,ignoring_inline_asm
../Drivers/STM32L0xx_HAL_Driver/Src/stm32l0xx_hal_uart.c:3471:19:UART_Start_Receive_DMA	24	static,ignoring_inline_asm
../Drivers/STM32L0xx_HAL_Driver/Src/stm32l0xx_hal_uart.c:1496:19:HAL_UART_Receive_DMA	16	static,ignoring_inline_asm
